[0.009s][info][gc] Using Serial
[2.918s][info][gc] GC(0) Pause Young (Allocation Failure) 4M->2M(15M) 3.437ms
[2.997s][info][gc] GC(1) Pause Young (Allocation Failure) 6M->2M(15M) 2.728ms
[3.051s][info][gc] GC(2) Pause Young (Allocation Failure) 7M->4M(15M) 3.091ms
[3.183s][info][gc] GC(3) Pause Young (Allocation Failure) 8M->4M(15M) 2.043ms
[3.894s][info][gc] GC(4) Pause Young (Allocation Failure) 8M->5M(15M) 11.060ms
[24.439s][info][gc] GC(5) Pause Young (Allocation Failure) 9M->5M(15M) 2.044ms
[24.460s][info][gc] GC(6) Pause Young (Allocation Failure) 10M->8M(15M) 3.431ms
[24.477s][info][gc] GC(7) Pause Young (Allocation Failure) 12M->10M(15M) 3.007ms
[24.488s][info][gc] GC(8) Pause Young (Allocation Failure) 14M->14M(15M) 0.033ms
[24.516s][info][gc] GC(9) Pause Full (Allocation Failure) 14M->8M(15M) 18.237ms
[24.527s][info][gc] GC(10) Pause Young (Allocation Failure) 13M->13M(15M) 0.025ms
[24.540s][info][gc] GC(11) Pause Full (Allocation Failure) 13M->6M(15M) 12.942ms
[24.553s][info][gc] GC(12) Pause Young (Allocation Failure) 11M->9M(15M) 3.235ms
[26.360s][info][gc] GC(13) Pause Young (Allocation Failure) 13M->13M(15M) 0.035ms
[26.378s][info][gc] GC(14) Pause Full (Allocation Failure) 13M->7M(15M) 17.506ms
[62.372s][info][gc] GC(15) Pause Young (Allocation Failure) 12M->7M(15M) 1.657ms
[64.774s][info][gc] GC(16) Pause Young (Allocation Failure) 12M->10M(15M) 2.642ms
[64.782s][info][gc] GC(17) Pause Young (Allocation Failure) 14M->14M(15M) 0.026ms
[64.798s][info][gc] GC(18) Pause Full (Allocation Failure) 14M->7M(15M) 16.598ms
[64.810s][info][gc] GC(19) Pause Young (Allocation Failure) 11M->9M(15M) 3.454ms
[64.817s][info][gc] GC(20) Pause Young (Allocation Failure) 14M->14M(15M) 0.026ms
[64.833s][info][gc] GC(21) Pause Full (Allocation Failure) 14M->7M(15M) 15.750ms
[64.845s][info][gc] GC(22) Pause Young (Allocation Failure) 12M->10M(15M) 3.848ms
[64.852s][info][gc] GC(23) Pause Young (Allocation Failure) 14M->14M(15M) 0.025ms
[64.867s][info][gc] GC(24) Pause Full (Allocation Failure) 14M->7M(15M) 15.367ms
[97.412s][info][gc] GC(25) Pause Young (Allocation Failure) 12M->12M(15M) 0.029ms
[97.423s][info][gc] GC(26) Pause Full (Allocation Failure) 12M->4M(15M) 10.766ms
