[0.008s][info][gc] Using Serial
[8.190s][info][gc] GC(0) Pause Young (Allocation Failure) 4M->2M(15M) 3.272ms
[8.275s][info][gc] GC(1) Pause Young (Allocation Failure) 6M->2M(15M) 2.691ms
[8.333s][info][gc] GC(2) Pause Young (Allocation Failure) 7M->4M(15M) 4.109ms
[8.463s][info][gc] GC(3) Pause Young (Allocation Failure) 8M->4M(15M) 2.394ms
[9.171s][info][gc] GC(4) Pause Young (Allocation Failure) 8M->5M(15M) 2.817ms
[31.213s][info][gc] GC(5) Pause Young (Allocation Failure) 9M->5M(15M) 2.276ms
[31.239s][info][gc] GC(6) Pause Young (Allocation Failure) 10M->8M(15M) 3.873ms
[31.259s][info][gc] GC(7) Pause Young (Allocation Failure) 12M->10M(15M) 3.319ms
[31.271s][info][gc] GC(8) Pause Young (Allocation Failure) 14M->14M(15M) 0.027ms
[31.299s][info][gc] GC(9) Pause Full (Allocation Failure) 14M->8M(15M) 19.287ms
[31.310s][info][gc] GC(10) Pause Young (Allocation Failure) 12M->12M(15M) 0.028ms
[31.325s][info][gc] GC(11) Pause Full (Allocation Failure) 12M->6M(15M) 14.091ms
[31.339s][info][gc] GC(12) Pause Young (Allocation Failure) 11M->9M(15M) 3.248ms
[31.348s][info][gc] GC(13) Pause Young (Allocation Failure) 13M->13M(15M) 0.026ms
[31.364s][info][gc] GC(14) Pause Full (Allocation Failure) 13M->8M(15M) 16.407ms
[31.375s][info][gc] GC(15) Pause Young (Allocation Failure) 12M->10M(15M) 3.716ms
[31.383s][info][gc] GC(16) Pause Young (Allocation Failure) 14M->14M(15M) 0.026ms
[31.402s][info][gc] GC(17) Pause Full (Allocation Failure) 14M->7M(15M) 18.807ms
[31.413s][info][gc] GC(18) Pause Young (Allocation Failure) 11M->9M(15M) 3.430ms
[31.421s][info][gc] GC(19) Pause Young (Allocation Failure) 14M->14M(15M) 0.026ms
[31.437s][info][gc] GC(20) Pause Full (Allocation Failure) 14M->8M(15M) 16.008ms
[31.444s][info][gc] GC(21) Pause Young (Allocation Failure) 12M->12M(15M) 0.027ms
[31.460s][info][gc] GC(22) Pause Full (Allocation Failure) 12M->6M(15M) 15.863ms
[31.468s][info][gc] GC(23) Pause Young (Allocation Failure) 11M->9M(15M) 3.138ms
[31.473s][info][gc] GC(24) Pause Young (Allocation Failure) 13M->13M(15M) 0.023ms
[31.487s][info][gc] GC(25) Pause Full (Allocation Failure) 13M->7M(15M) 14.377ms
[31.495s][info][gc] GC(26) Pause Young (Allocation Failure) 12M->10M(15M) 3.524ms
[31.499s][info][gc] GC(27) Pause Young (Allocation Failure) 14M->14M(15M) 0.026ms
[31.515s][info][gc] GC(28) Pause Full (Allocation Failure) 14M->7M(15M) 16.283ms
[31.523s][info][gc] GC(29) Pause Young (Allocation Failure) 11M->10M(15M) 3.472ms
[31.528s][info][gc] GC(30) Pause Young (Allocation Failure) 14M->14M(15M) 0.023ms
[31.543s][info][gc] GC(31) Pause Full (Allocation Failure) 14M->7M(15M) 15.818ms
[31.548s][info][gc] GC(32) Pause Young (Allocation Failure) 11M->11M(15M) 0.034ms
[31.562s][info][gc] GC(33) Pause Full (Allocation Failure) 11M->6M(15M) 14.060ms
[31.570s][info][gc] GC(34) Pause Young (Allocation Failure) 11M->9M(15M) 3.244ms
[31.574s][info][gc] GC(35) Pause Young (Allocation Failure) 13M->13M(15M) 0.024ms
[31.590s][info][gc] GC(36) Pause Full (Allocation Failure) 13M->8M(15M) 15.896ms
[31.594s][info][gc] GC(37) Pause Young (Allocation Failure) 12M->12M(15M) 0.026ms
[31.608s][info][gc] GC(38) Pause Full (Allocation Failure) 12M->6M(15M) 13.796ms
[31.616s][info][gc] GC(39) Pause Young (Allocation Failure) 10M->9M(15M) 3.263ms
[31.620s][info][gc] GC(40) Pause Young (Allocation Failure) 13M->13M(15M) 0.022ms
[31.636s][info][gc] GC(41) Pause Full (Allocation Failure) 13M->7M(15M) 15.584ms
[31.640s][info][gc] GC(42) Pause Young (Allocation Failure) 12M->12M(15M) 0.024ms
[31.655s][info][gc] GC(43) Pause Full (Allocation Failure) 12M->6M(15M) 15.340ms
[31.663s][info][gc] GC(44) Pause Young (Allocation Failure) 11M->9M(15M) 3.392ms
[31.667s][info][gc] GC(45) Pause Young (Allocation Failure) 13M->13M(15M) 0.025ms
[31.684s][info][gc] GC(46) Pause Full (Allocation Failure) 13M->8M(15M) 16.136ms
[31.688s][info][gc] GC(47) Pause Young (Allocation Failure) 12M->12M(15M) 0.024ms
[31.702s][info][gc] GC(48) Pause Full (Allocation Failure) 12M->6M(15M) 13.753ms
[31.709s][info][gc] GC(49) Pause Young (Allocation Failure) 10M->9M(15M) 3.137ms
[31.713s][info][gc] GC(50) Pause Young (Allocation Failure) 13M->13M(15M) 0.025ms
[31.729s][info][gc] GC(51) Pause Full (Allocation Failure) 13M->8M(15M) 15.692ms
[31.734s][info][gc] GC(52) Pause Young (Allocation Failure) 12M->12M(15M) 0.024ms
[31.748s][info][gc] GC(53) Pause Full (Allocation Failure) 12M->7M(15M) 14.561ms
[31.753s][info][gc] GC(54) Pause Young (Allocation Failure) 11M->11M(15M) 0.024ms
[31.768s][info][gc] GC(55) Pause Full (Allocation Failure) 11M->7M(15M) 15.339ms
[31.775s][info][gc] GC(56) Pause Young (Allocation Failure) 11M->9M(15M) 3.184ms
[31.779s][info][gc] GC(57) Pause Young (Allocation Failure) 13M->13M(15M) 0.019ms
[31.795s][info][gc] GC(58) Pause Full (Allocation Failure) 13M->7M(15M) 15.396ms
[31.799s][info][gc] GC(59) Pause Young (Allocation Failure) 12M->12M(15M) 0.024ms
[31.814s][info][gc] GC(60) Pause Full (Allocation Failure) 12M->7M(15M) 14.389ms
[31.818s][info][gc] GC(61) Pause Young (Allocation Failure) 12M->12M(15M) 0.023ms
[31.832s][info][gc] GC(62) Pause Full (Allocation Failure) 12M->6M(15M) 13.695ms
[31.841s][info][gc] GC(63) Pause Young (Allocation Failure) 11M->9M(15M) 3.142ms
[31.845s][info][gc] GC(64) Pause Young (Allocation Failure) 13M->13M(15M) 0.019ms
[31.860s][info][gc] GC(65) Pause Full (Allocation Failure) 13M->8M(15M) 14.581ms
[31.865s][info][gc] GC(66) Pause Young (Allocation Failure) 12M->12M(15M) 0.024ms
[31.879s][info][gc] GC(67) Pause Full (Allocation Failure) 12M->7M(15M) 14.079ms
[31.887s][info][gc] GC(68) Pause Young (Allocation Failure) 11M->9M(15M) 3.424ms
[31.891s][info][gc] GC(69) Pause Young (Allocation Failure) 14M->14M(15M) 0.019ms
[31.905s][info][gc] GC(70) Pause Full (Allocation Failure) 14M->8M(15M) 14.378ms
[31.910s][info][gc] GC(71) Pause Young (Allocation Failure) 12M->12M(15M) 0.021ms
[31.924s][info][gc] GC(72) Pause Full (Allocation Failure) 12M->7M(15M) 13.839ms
[31.928s][info][gc] GC(73) Pause Young (Allocation Failure) 11M->11M(15M) 0.023ms
[31.941s][info][gc] GC(74) Pause Full (Allocation Failure) 11M->7M(15M) 12.656ms
[31.948s][info][gc] GC(75) Pause Young (Allocation Failure) 11M->9M(15M) 3.035ms
[31.953s][info][gc] GC(76) Pause Young (Allocation Failure) 13M->13M(15M) 0.022ms
[31.968s][info][gc] GC(77) Pause Full (Allocation Failure) 13M->7M(15M) 15.050ms
[31.973s][info][gc] GC(78) Pause Young (Allocation Failure) 11M->11M(15M) 0.022ms
[31.987s][info][gc] GC(79) Pause Full (Allocation Failure) 11M->7M(15M) 14.396ms
[31.997s][info][gc] GC(80) Pause Young (Allocation Failure) 11M->9M(15M) 3.222ms
[32.001s][info][gc] GC(81) Pause Young (Allocation Failure) 13M->13M(15M) 0.021ms
[32.016s][info][gc] GC(82) Pause Full (Allocation Failure) 13M->8M(15M) 15.284ms
[32.020s][info][gc] GC(83) Pause Young (Allocation Failure) 12M->12M(15M) 0.025ms
[32.034s][info][gc] GC(84) Pause Full (Allocation Failure) 12M->8M(15M) 14.012ms
[32.039s][info][gc] GC(85) Pause Young (Allocation Failure) 12M->12M(15M) 0.054ms
[32.054s][info][gc] GC(86) Pause Full (Allocation Failure) 12M->6M(15M) 15.225ms
[32.062s][info][gc] GC(87) Pause Young (Allocation Failure) 10M->9M(15M) 3.217ms
[32.066s][info][gc] GC(88) Pause Young (Allocation Failure) 13M->13M(15M) 0.025ms
[32.081s][info][gc] GC(89) Pause Full (Allocation Failure) 13M->8M(15M) 15.316ms
[32.086s][info][gc] GC(90) Pause Young (Allocation Failure) 12M->12M(15M) 0.024ms
[32.098s][info][gc] GC(91) Pause Full (Allocation Failure) 12M->7M(15M) 12.872ms
[32.103s][info][gc] GC(92) Pause Young (Allocation Failure) 11M->11M(15M) 0.022ms
[32.116s][info][gc] GC(93) Pause Full (Allocation Failure) 11M->7M(15M) 13.259ms
[32.120s][info][gc] GC(94) Pause Young (Allocation Failure) 11M->11M(15M) 0.020ms
[32.133s][info][gc] GC(95) Pause Full (Allocation Failure) 11M->6M(15M) 13.192ms
[32.141s][info][gc] GC(96) Pause Young (Allocation Failure) 10M->9M(15M) 3.101ms
[32.145s][info][gc] GC(97) Pause Young (Allocation Failure) 13M->13M(15M) 0.020ms
[32.160s][info][gc] GC(98) Pause Full (Allocation Failure) 13M->8M(15M) 15.502ms
[32.165s][info][gc] GC(99) Pause Young (Allocation Failure) 12M->12M(15M) 0.023ms
[32.179s][info][gc] GC(100) Pause Full (Allocation Failure) 12M->7M(15M) 14.015ms
[32.184s][info][gc] GC(101) Pause Young (Allocation Failure) 12M->12M(15M) 0.021ms
[32.198s][info][gc] GC(102) Pause Full (Allocation Failure) 12M->7M(15M) 13.895ms
[32.203s][info][gc] GC(103) Pause Young (Allocation Failure) 11M->11M(15M) 0.054ms
[32.216s][info][gc] GC(104) Pause Full (Allocation Failure) 11M->6M(15M) 12.956ms
[41.651s][info][gc] GC(105) Pause Young (Allocation Failure) 10M->8M(15M) 2.996ms
[76.677s][info][gc] GC(106) Pause Young (Allocation Failure) 12M->12M(15M) 0.111ms
[76.700s][info][gc] GC(107) Pause Full (Allocation Failure) 12M->5M(15M) 23.280ms
[98.196s][info][gc] GC(108) Pause Young (Allocation Failure) 9M->6M(15M) 1.740ms
[98.203s][info][gc] GC(109) Pause Young (Allocation Failure) 10M->8M(15M) 3.014ms
[98.208s][info][gc] GC(110) Pause Young (Allocation Failure) 12M->12M(15M) 0.024ms
[98.227s][info][gc] GC(111) Pause Full (Allocation Failure) 12M->7M(15M) 18.459ms
[98.232s][info][gc] GC(112) Pause Young (Allocation Failure) 11M->11M(15M) 0.024ms
[98.245s][info][gc] GC(113) Pause Full (Allocation Failure) 11M->6M(15M) 12.925ms
[98.252s][info][gc] GC(114) Pause Young (Allocation Failure) 11M->9M(15M) 3.266ms
[98.256s][info][gc] GC(115) Pause Young (Allocation Failure) 13M->13M(15M) 0.025ms
[98.272s][info][gc] GC(116) Pause Full (Allocation Failure) 13M->7M(15M) 15.911ms
[98.276s][info][gc] GC(117) Pause Young (Allocation Failure) 11M->11M(15M) 0.023ms
[98.291s][info][gc] GC(118) Pause Full (Allocation Failure) 11M->9M(15M) 14.955ms
[98.296s][info][gc] GC(119) Pause Young (Allocation Failure) 13M->13M(15M) 0.027ms
[98.311s][info][gc] GC(120) Pause Full (Allocation Failure) 13M->6M(15M) 15.085ms
[98.319s][info][gc] GC(121) Pause Young (Allocation Failure) 11M->9M(15M) 3.124ms
[98.323s][info][gc] GC(122) Pause Young (Allocation Failure) 13M->13M(15M) 0.020ms
[98.338s][info][gc] GC(123) Pause Full (Allocation Failure) 13M->7M(15M) 14.951ms
[98.342s][info][gc] GC(124) Pause Young (Allocation Failure) 12M->12M(15M) 0.022ms
[98.355s][info][gc] GC(125) Pause Full (Allocation Failure) 12M->6M(15M) 13.319ms
[98.363s][info][gc] GC(126) Pause Young (Allocation Failure) 10M->9M(15M) 3.175ms
[98.367s][info][gc] GC(127) Pause Young (Allocation Failure) 13M->13M(15M) 0.019ms
[98.382s][info][gc] GC(128) Pause Full (Allocation Failure) 13M->8M(15M) 15.002ms
[98.387s][info][gc] GC(129) Pause Young (Allocation Failure) 12M->12M(15M) 0.031ms
[98.401s][info][gc] GC(130) Pause Full (Allocation Failure) 12M->7M(15M) 14.047ms
[98.405s][info][gc] GC(131) Pause Young (Allocation Failure) 11M->11M(15M) 0.021ms
[98.418s][info][gc] GC(132) Pause Full (Allocation Failure) 11M->6M(15M) 12.818ms
[98.422s][info][gc] GC(133) Pause Young (Allocation Failure) 11M->11M(15M) 0.024ms
[98.436s][info][gc] GC(134) Pause Full (Allocation Failure) 11M->6M(15M) 14.161ms
[98.446s][info][gc] GC(135) Pause Young (Allocation Failure) 10M->9M(15M) 3.707ms
[98.450s][info][gc] GC(136) Pause Young (Allocation Failure) 13M->13M(15M) 0.028ms
[98.467s][info][gc] GC(137) Pause Full (Allocation Failure) 13M->7M(15M) 16.128ms
[98.472s][info][gc] GC(138) Pause Young (Allocation Failure) 12M->12M(15M) 0.028ms
[98.491s][info][gc] GC(139) Pause Full (Allocation Failure) 12M->6M(15M) 19.111ms
[98.495s][info][gc] GC(140) Pause Young (Allocation Failure) 11M->11M(15M) 0.028ms
[98.510s][info][gc] GC(141) Pause Full (Allocation Failure) 11M->6M(15M) 14.881ms
[98.515s][info][gc] GC(142) Pause Young (Allocation Failure) 11M->11M(15M) 0.030ms
[98.528s][info][gc] GC(143) Pause Full (Allocation Failure) 11M->6M(15M) 12.959ms
[98.535s][info][gc] GC(144) Pause Young (Allocation Failure) 10M->8M(15M) 3.169ms
[98.539s][info][gc] GC(145) Pause Young (Allocation Failure) 13M->13M(15M) 0.029ms
[98.554s][info][gc] GC(146) Pause Full (Allocation Failure) 13M->7M(15M) 15.014ms
[98.559s][info][gc] GC(147) Pause Young (Allocation Failure) 12M->12M(15M) 0.022ms
[98.573s][info][gc] GC(148) Pause Full (Allocation Failure) 12M->6M(15M) 13.344ms
[98.577s][info][gc] GC(149) Pause Young (Allocation Failure) 11M->11M(15M) 0.024ms
[98.590s][info][gc] GC(150) Pause Full (Allocation Failure) 11M->6M(15M) 13.331ms
[98.595s][info][gc] GC(151) Pause Young (Allocation Failure) 11M->11M(15M) 0.022ms
[98.609s][info][gc] GC(152) Pause Full (Allocation Failure) 11M->6M(15M) 13.845ms
[98.616s][info][gc] GC(153) Pause Young (Allocation Failure) 10M->8M(15M) 3.196ms
[98.623s][info][gc] GC(154) Pause Young (Allocation Failure) 13M->13M(15M) 0.020ms
[98.638s][info][gc] GC(155) Pause Full (Allocation Failure) 13M->7M(15M) 14.686ms
[98.643s][info][gc] GC(156) Pause Young (Allocation Failure) 12M->12M(15M) 0.024ms
[98.656s][info][gc] GC(157) Pause Full (Allocation Failure) 12M->6M(15M) 13.434ms
[98.661s][info][gc] GC(158) Pause Young (Allocation Failure) 11M->11M(15M) 0.024ms
[98.674s][info][gc] GC(159) Pause Full (Allocation Failure) 11M->6M(15M) 13.307ms
[98.679s][info][gc] GC(160) Pause Young (Allocation Failure) 11M->11M(15M) 0.029ms
[98.693s][info][gc] GC(161) Pause Full (Allocation Failure) 11M->6M(15M) 13.620ms
[98.700s][info][gc] GC(162) Pause Young (Allocation Failure) 10M->8M(15M) 3.249ms
[98.704s][info][gc] GC(163) Pause Young (Allocation Failure) 13M->13M(15M) 0.027ms
[98.719s][info][gc] GC(164) Pause Full (Allocation Failure) 13M->8M(15M) 15.587ms
[98.724s][info][gc] GC(165) Pause Young (Allocation Failure) 12M->12M(15M) 0.024ms
[98.738s][info][gc] GC(166) Pause Full (Allocation Failure) 12M->7M(15M) 13.790ms
[98.742s][info][gc] GC(167) Pause Young (Allocation Failure) 11M->11M(15M) 0.032ms
[98.764s][info][gc] GC(168) Pause Full (Allocation Failure) 11M->7M(15M) 21.356ms
[98.769s][info][gc] GC(169) Pause Young (Allocation Failure) 11M->11M(15M) 0.028ms
[98.783s][info][gc] GC(170) Pause Full (Allocation Failure) 11M->6M(15M) 13.712ms
[98.787s][info][gc] GC(171) Pause Young (Allocation Failure) 10M->10M(15M) 0.025ms
[98.800s][info][gc] GC(172) Pause Full (Allocation Failure) 10M->7M(15M) 13.237ms
[98.804s][info][gc] GC(173) Pause Young (Allocation Failure) 11M->11M(15M) 0.031ms
[98.819s][info][gc] GC(174) Pause Full (Allocation Failure) 11M->7M(15M) 14.091ms
[98.823s][info][gc] GC(175) Pause Young (Allocation Failure) 11M->11M(15M) 0.020ms
[98.836s][info][gc] GC(176) Pause Full (Allocation Failure) 11M->7M(15M) 13.478ms
[98.841s][info][gc] GC(177) Pause Young (Allocation Failure) 11M->11M(15M) 0.020ms
[98.854s][info][gc] GC(178) Pause Full (Allocation Failure) 11M->6M(15M) 13.215ms
[98.861s][info][gc] GC(179) Pause Young (Allocation Failure) 10M->9M(15M) 3.065ms
[98.865s][info][gc] GC(180) Pause Young (Allocation Failure) 13M->13M(15M) 0.025ms
[98.881s][info][gc] GC(181) Pause Full (Allocation Failure) 13M->7M(15M) 15.737ms
[98.886s][info][gc] GC(182) Pause Young (Allocation Failure) 12M->12M(15M) 0.023ms
[98.899s][info][gc] GC(183) Pause Full (Allocation Failure) 12M->7M(15M) 13.367ms
[98.903s][info][gc] GC(184) Pause Young (Allocation Failure) 11M->11M(15M) 0.026ms
[98.917s][info][gc] GC(185) Pause Full (Allocation Failure) 11M->7M(15M) 13.536ms
[98.921s][info][gc] GC(186) Pause Young (Allocation Failure) 11M->11M(15M) 0.021ms
[98.934s][info][gc] GC(187) Pause Full (Allocation Failure) 11M->6M(15M) 13.229ms
[98.942s][info][gc] GC(188) Pause Young (Allocation Failure) 10M->9M(15M) 3.084ms
[98.946s][info][gc] GC(189) Pause Young (Allocation Failure) 13M->13M(15M) 0.020ms
[98.961s][info][gc] GC(190) Pause Full (Allocation Failure) 13M->8M(15M) 15.179ms
[98.965s][info][gc] GC(191) Pause Young (Allocation Failure) 12M->12M(15M) 0.023ms
[98.980s][info][gc] GC(192) Pause Full (Allocation Failure) 12M->8M(15M) 14.793ms
[98.985s][info][gc] GC(193) Pause Young (Allocation Failure) 12M->12M(15M) 0.026ms
[98.999s][info][gc] GC(194) Pause Full (Allocation Failure) 12M->7M(15M) 13.277ms
[99.003s][info][gc] GC(195) Pause Young (Allocation Failure) 11M->11M(15M) 0.022ms
[99.017s][info][gc] GC(196) Pause Full (Allocation Failure) 11M->6M(15M) 13.917ms
[99.021s][info][gc] GC(197) Pause Young (Allocation Failure) 10M->10M(15M) 0.022ms
[99.034s][info][gc] GC(198) Pause Full (Allocation Failure) 10M->7M(15M) 13.121ms
[99.039s][info][gc] GC(199) Pause Young (Allocation Failure) 11M->11M(15M) 0.041ms
[99.061s][info][gc] GC(200) Pause Full (Allocation Failure) 11M->7M(15M) 21.425ms
[99.067s][info][gc] GC(201) Pause Young (Allocation Failure) 11M->11M(15M) 0.052ms
[99.088s][info][gc] GC(202) Pause Full (Allocation Failure) 11M->7M(15M) 20.481ms
[99.093s][info][gc] GC(203) Pause Young (Allocation Failure) 11M->11M(15M) 0.028ms
[99.108s][info][gc] GC(204) Pause Full (Allocation Failure) 11M->6M(15M) 14.719ms
[99.112s][info][gc] GC(205) Pause Young (Allocation Failure) 10M->10M(15M) 0.026ms
[99.126s][info][gc] GC(206) Pause Full (Allocation Failure) 10M->7M(15M) 14.117ms
[99.130s][info][gc] GC(207) Pause Young (Allocation Failure) 11M->11M(15M) 0.026ms
[99.145s][info][gc] GC(208) Pause Full (Allocation Failure) 11M->7M(15M) 14.328ms
[99.149s][info][gc] GC(209) Pause Young (Allocation Failure) 11M->11M(15M) 0.036ms
[99.164s][info][gc] GC(210) Pause Full (Allocation Failure) 11M->7M(15M) 15.166ms
[99.169s][info][gc] GC(211) Pause Young (Allocation Failure) 11M->11M(15M) 0.028ms
[99.184s][info][gc] GC(212) Pause Full (Allocation Failure) 11M->6M(15M) 15.046ms
[99.188s][info][gc] GC(213) Pause Young (Allocation Failure) 10M->10M(15M) 0.028ms
[99.202s][info][gc] GC(214) Pause Full (Allocation Failure) 10M->7M(15M) 14.017ms
[99.206s][info][gc] GC(215) Pause Young (Allocation Failure) 11M->11M(15M) 0.028ms
[99.221s][info][gc] GC(216) Pause Full (Allocation Failure) 11M->7M(15M) 14.084ms
[117.705s][info][gc] GC(217) Pause Young (Allocation Failure) 11M->11M(15M) 0.026ms
[117.717s][info][gc] GC(218) Pause Full (Allocation Failure) 11M->5M(15M) 12.401ms
[154.699s][info][gc] GC(219) Pause Young (Allocation Failure) 10M->5M(15M) 0.572ms
