[0.008s][info][gc] Using Serial
[2.930s][info][gc] GC(0) Pause Young (Allocation Failure) 5M->2M(19M) 3.882ms
[3.024s][info][gc] GC(1) Pause Young (Allocation Failure) 7M->3M(19M) 3.511ms
[3.121s][info][gc] GC(2) Pause Young (Allocation Failure) 8M->3M(19M) 1.585ms
[3.336s][info][gc] GC(3) Pause Young (Allocation Failure) 8M->4M(19M) 2.883ms
[31.865s][info][gc] GC(4) Pause Young (Allocation Failure) 9M->5M(19M) 2.828ms
[31.891s][info][gc] GC(5) Pause Young (Allocation Failure) 10M->8M(19M) 4.177ms
[31.912s][info][gc] GC(6) Pause Young (Allocation Failure) 13M->10M(19M) 4.006ms
[31.930s][info][gc] GC(7) Pause Young (Allocation Failure) 16M->13M(19M) 4.031ms
[31.940s][info][gc] GC(8) Pause Young (Allocation Failure) 18M->18M(19M) 0.026ms
[31.973s][info][gc] GC(9) Pause Full (Allocation Failure) 18M->11M(19M) 23.180ms
[31.984s][info][gc] GC(10) Pause Young (Allocation Failure) 16M->16M(19M) 0.024ms
[31.999s][info][gc] GC(11) Pause Full (Allocation Failure) 16M->7M(19M) 15.504ms
[32.013s][info][gc] GC(12) Pause Young (Allocation Failure) 13M->10M(19M) 4.140ms
[32.022s][info][gc] GC(13) Pause Young (Allocation Failure) 16M->16M(19M) 0.027ms
[32.041s][info][gc] GC(14) Pause Full (Allocation Failure) 16M->8M(19M) 18.243ms
[32.054s][info][gc] GC(15) Pause Young (Allocation Failure) 14M->11M(19M) 4.336ms
[32.063s][info][gc] GC(16) Pause Young (Allocation Failure) 17M->17M(19M) 0.026ms
[32.084s][info][gc] GC(17) Pause Full (Allocation Failure) 17M->8M(19M) 20.248ms
