[0.009s][info][gc] Using Serial
[4.811s][info][gc] GC(0) Pause Young (Allocation Failure) 4M->2M(15M) 3.301ms
[4.889s][info][gc] GC(1) Pause Young (Allocation Failure) 6M->2M(15M) 2.627ms
[4.946s][info][gc] GC(2) Pause Young (Allocation Failure) 7M->4M(15M) 3.128ms
[5.073s][info][gc] GC(3) Pause Young (Allocation Failure) 8M->4M(15M) 2.151ms
[5.799s][info][gc] GC(4) Pause Young (Allocation Failure) 8M->5M(15M) 11.317ms
[31.095s][info][gc] GC(5) Pause Young (Allocation Failure) 9M->5M(15M) 1.901ms
[31.118s][info][gc] GC(6) Pause Young (Allocation Failure) 9M->8M(15M) 3.529ms
[31.134s][info][gc] GC(7) Pause Young (Allocation Failure) 12M->10M(15M) 3.075ms
[31.154s][info][gc] GC(8) Pause Young (Allocation Failure) 14M->14M(15M) 0.028ms
[31.175s][info][gc] GC(9) Pause Full (Allocation Failure) 14M->8M(15M) 19.372ms
[31.186s][info][gc] GC(10) Pause Young (Allocation Failure) 13M->13M(15M) 0.034ms
[31.200s][info][gc] GC(11) Pause Full (Allocation Failure) 13M->6M(15M) 13.820ms
[31.212s][info][gc] GC(12) Pause Young (Allocation Failure) 11M->9M(15M) 3.203ms
[31.220s][info][gc] GC(13) Pause Young (Allocation Failure) 13M->13M(15M) 0.027ms
[31.235s][info][gc] GC(14) Pause Full (Allocation Failure) 13M->8M(15M) 15.830ms
[31.254s][info][gc] GC(15) Pause Young (Allocation Failure) 12M->10M(15M) 4.612ms
[31.268s][info][gc] GC(16) Pause Young (Allocation Failure) 14M->14M(15M) 0.033ms
[31.292s][info][gc] GC(17) Pause Full (Allocation Failure) 14M->7M(15M) 23.948ms
[31.306s][info][gc] GC(18) Pause Young (Allocation Failure) 11M->9M(15M) 3.342ms
[31.313s][info][gc] GC(19) Pause Young (Allocation Failure) 13M->13M(15M) 0.028ms
[31.329s][info][gc] GC(20) Pause Full (Allocation Failure) 13M->8M(15M) 15.899ms
[31.337s][info][gc] GC(21) Pause Young (Allocation Failure) 12M->12M(15M) 0.034ms
[31.351s][info][gc] GC(22) Pause Full (Allocation Failure) 12M->7M(15M) 14.087ms
[31.359s][info][gc] GC(23) Pause Young (Allocation Failure) 11M->9M(15M) 3.135ms
[64.291s][info][gc] GC(24) Pause Young (Allocation Failure) 13M->13M(15M) 0.032ms
[64.304s][info][gc] GC(25) Pause Full (Allocation Failure) 13M->5M(15M) 12.827ms
[92.877s][info][gc] GC(26) Pause Young (Allocation Failure) 9M->6M(15M) 1.530ms
[92.885s][info][gc] GC(27) Pause Young (Allocation Failure) 10M->8M(15M) 3.214ms
[92.890s][info][gc] GC(28) Pause Young (Allocation Failure) 12M->12M(15M) 0.029ms
[92.909s][info][gc] GC(29) Pause Full (Allocation Failure) 12M->7M(15M) 19.195ms
[92.918s][info][gc] GC(30) Pause Young (Allocation Failure) 11M->10M(15M) 3.813ms
[92.923s][info][gc] GC(31) Pause Young (Allocation Failure) 14M->14M(15M) 0.027ms
[92.939s][info][gc] GC(32) Pause Full (Allocation Failure) 14M->7M(15M) 16.722ms
[92.944s][info][gc] GC(33) Pause Young (Allocation Failure) 12M->12M(15M) 0.025ms
[92.959s][info][gc] GC(34) Pause Full (Allocation Failure) 12M->7M(15M) 14.708ms
[92.963s][info][gc] GC(35) Pause Young (Allocation Failure) 12M->12M(15M) 0.023ms
[92.977s][info][gc] GC(36) Pause Full (Allocation Failure) 12M->6M(15M) 13.876ms
[92.985s][info][gc] GC(37) Pause Young (Allocation Failure) 11M->9M(15M) 3.357ms
[92.989s][info][gc] GC(38) Pause Young (Allocation Failure) 13M->13M(15M) 0.027ms
[93.005s][info][gc] GC(39) Pause Full (Allocation Failure) 13M->7M(15M) 15.438ms
[93.009s][info][gc] GC(40) Pause Young (Allocation Failure) 11M->11M(15M) 0.025ms
[93.024s][info][gc] GC(41) Pause Full (Allocation Failure) 11M->7M(15M) 14.305ms
[93.031s][info][gc] GC(42) Pause Young (Allocation Failure) 11M->9M(15M) 3.093ms
[93.035s][info][gc] GC(43) Pause Young (Allocation Failure) 13M->13M(15M) 0.022ms
[93.051s][info][gc] GC(44) Pause Full (Allocation Failure) 13M->8M(15M) 15.274ms
[98.314s][info][gc] GC(45) Pause Young (Allocation Failure) 12M->12M(15M) 0.025ms
[98.327s][info][gc] GC(46) Pause Full (Allocation Failure) 12M->6M(15M) 13.669ms
