[0.011s][info][gc] Using Serial
[1.116s][info][gc] GC(0) Pause Young (Allocation Failure) 3M->1M(11M) 2.962ms
[23.188s][info][gc] GC(1) Pause Young (Allocation Failure) 5M->2M(11M) 2.535ms
[23.263s][info][gc] GC(2) Pause Young (Allocation Failure) 5M->3M(11M) 2.080ms
[23.289s][info][gc] GC(3) Pause Young (Allocation Failure) 6M->3M(11M) 0.835ms
[26.021s][info][gc] GC(4) Pause Young (Allocation Failure) 6M->3M(11M) 0.982ms
[26.206s][info][gc] GC(5) Pause Young (Allocation Failure) 6M->3M(11M) 2.625ms
[33.376s][info][gc] GC(6) Pause Young (Allocation Failure) 7M->4M(11M) 2.626ms
[60.382s][info][gc] GC(7) Pause Young (Allocation Failure) 7M->4M(11M) 1.105ms
[83.505s][info][gc] GC(8) Pause Young (Allocation Failure) 7M->4M(11M) 1.599ms
[111.557s][info][gc] GC(9) Pause Young (Allocation Failure) 7M->4M(11M) 0.423ms
[130.688s][info][gc] GC(10) Pause Young (Allocation Failure) 7M->5M(11M) 1.438ms
[158.715s][info][gc] GC(11) Pause Young (Allocation Failure) 8M->5M(11M) 0.598ms
[186.856s][info][gc] GC(12) Pause Young (Allocation Failure) 8M->5M(11M) 0.466ms
[195.291s][info][gc] GC(13) Pause Young (Allocation Failure) 8M->6M(11M) 1.120ms
[195.303s][info][gc] GC(14) Pause Young (Allocation Failure) 9M->6M(11M) 0.495ms
[195.316s][info][gc] GC(15) Pause Young (Allocation Failure) 9M->6M(11M) 0.518ms
[195.319s][info][gc] GC(16) Pause Young (Allocation Failure) 9M->6M(11M) 0.386ms
[195.323s][info][gc] GC(17) Pause Young (Allocation Failure) 9M->6M(11M) 0.380ms
[195.327s][info][gc] GC(18) Pause Young (Allocation Failure) 10M->10M(11M) 0.021ms
[195.352s][info][gc] GC(19) Pause Full (Allocation Failure) 10M->6M(11M) 25.295ms
[195.356s][info][gc] GC(20) Pause Young (Allocation Failure) 9M->6M(11M) 0.493ms
[195.359s][info][gc] GC(21) Pause Young (Allocation Failure) 10M->7M(11M) 0.232ms
[195.979s][info][gc] GC(22) Pause Young (Allocation Failure) 10M->6M(11M) 0.385ms
[224.145s][info][gc] GC(23) Pause Young (Allocation Failure) 10M->6M(11M) 0.362ms
[253.275s][info][gc] GC(24) Pause Young (Allocation Failure) 10M->6M(11M) 0.724ms
[273.349s][info][gc] GC(25) Pause Young (Allocation Failure) 10M->7M(11M) 0.687ms
[302.556s][info][gc] GC(26) Pause Young (Allocation Failure) 11M->11M(11M) 0.043ms
[302.571s][info][gc] GC(27) Pause Full (Allocation Failure) 11M->5M(11M) 14.927ms
[330.866s][info][gc] GC(28) Pause Young (Allocation Failure) 8M->5M(11M) 0.369ms
[361.025s][info][gc] GC(29) Pause Young (Allocation Failure) 8M->5M(11M) 0.462ms
[390.222s][info][gc] GC(30) Pause Young (Allocation Failure) 8M->5M(11M) 0.301ms
[411.163s][info][gc] GC(31) Pause Young (Allocation Failure) 8M->6M(11M) 0.514ms
[440.263s][info][gc] GC(32) Pause Young (Allocation Failure) 9M->6M(11M) 0.342ms
[469.285s][info][gc] GC(33) Pause Young (Allocation Failure) 9M->6M(11M) 0.329ms
[499.328s][info][gc] GC(34) Pause Young (Allocation Failure) 9M->6M(11M) 1.163ms
[527.408s][info][gc] GC(35) Pause Young (Allocation Failure) 9M->6M(11M) 0.981ms
[555.569s][info][gc] GC(36) Pause Young (Allocation Failure) 9M->6M(11M) 0.843ms
[583.886s][info][gc] GC(37) Pause Young (Allocation Failure) 9M->6M(11M) 1.385ms
