[0.024s][info][gc] Using Parallel
[1.073s][info][gc] GC(0) Pause Young (Allocation Failure) 3M->1M(11M) 2.543ms
[4.034s][info][gc] GC(1) Pause Young (Allocation Failure) 4M->2M(11M) 1.947ms
[4.095s][info][gc] GC(2) Pause Young (Allocation Failure) 5M->3M(11M) 1.301ms
[4.138s][info][gc] GC(3) Pause Young (Allocation Failure) 6M->4M(11M) 2.393ms
[4.161s][info][gc] GC(4) Pause Young (Allocation Failure) 7M->5M(11M) 2.349ms
[4.358s][info][gc] GC(5) Pause Young (Allocation Failure) 8M->6M(10M) 2.068ms
[4.458s][info][gc] GC(6) Pause Young (Allocation Failure) 8M->6M(11M) 2.097ms
[4.469s][info][gc] GC(7) Pause Full (Ergonomics) 6M->4M(11M) 10.723ms
[6.538s][info][gc] GC(8) Pause Young (Allocation Failure) 6M->4M(11M) 0.709ms
[17.547s][info][gc] GC(9) Pause Young (Allocation Failure) 6M->4M(11M) 1.972ms
[33.620s][info][gc] GC(10) Pause Young (Allocation Failure) 6M->4M(11M) 0.696ms
[50.767s][info][gc] GC(11) Pause Young (Allocation Failure) 6M->4M(11M) 0.890ms
[67.913s][info][gc] GC(12) Pause Young (Allocation Failure) 6M->4M(11M) 0.672ms
[85.096s][info][gc] GC(13) Pause Young (Allocation Failure) 6M->4M(11M) 0.379ms
[102.270s][info][gc] GC(14) Pause Young (Allocation Failure) 6M->4M(11M) 0.370ms
[120.346s][info][gc] GC(15) Pause Young (Allocation Failure) 6M->4M(11M) 0.369ms
[138.482s][info][gc] GC(16) Pause Young (Allocation Failure) 6M->4M(11M) 0.299ms
[147.608s][info][gc] GC(17) Pause Young (Allocation Failure) 6M->5M(11M) 0.386ms
[165.616s][info][gc] GC(18) Pause Young (Allocation Failure) 7M->5M(11M) 0.314ms
[182.687s][info][gc] GC(19) Pause Young (Allocation Failure) 7M->5M(11M) 0.290ms
[200.700s][info][gc] GC(20) Pause Young (Allocation Failure) 7M->5M(11M) 0.436ms
[203.038s][info][gc] GC(21) Pause Young (Allocation Failure) 7M->6M(11M) 0.470ms
[203.041s][info][gc] GC(22) Pause Young (Allocation Failure) 8M->6M(11M) 0.465ms
[203.051s][info][gc] GC(23) Pause Young (Allocation Failure) 8M->6M(11M) 0.268ms
[203.061s][info][gc] GC(24) Pause Young (Allocation Failure) 8M->6M(11M) 0.235ms
[203.064s][info][gc] GC(25) Pause Young (Allocation Failure) 8M->6M(11M) 0.336ms
[203.089s][info][gc] GC(26) Pause Full (Ergonomics) 6M->5M(11M) 25.652ms
[203.093s][info][gc] GC(27) Pause Young (Allocation Failure) 7M->6M(11M) 0.508ms
[203.096s][info][gc] GC(28) Pause Young (Allocation Failure) 8M->6M(11M) 0.278ms
[203.098s][info][gc] GC(29) Pause Young (Allocation Failure) 8M->6M(11M) 0.273ms
[203.101s][info][gc] GC(30) Pause Young (Allocation Failure) 8M->6M(11M) 0.275ms
[203.103s][info][gc] GC(31) Pause Young (Allocation Failure) 8M->6M(11M) 0.254ms
[203.106s][info][gc] GC(32) Pause Young (Allocation Failure) 8M->6M(11M) 0.231ms
[203.108s][info][gc] GC(33) Pause Young (Allocation Failure) 8M->6M(11M) 0.302ms
[203.110s][info][gc] GC(34) Pause Young (Allocation Failure) 8M->6M(11M) 0.244ms
[203.113s][info][gc] GC(35) Pause Young (Allocation Failure) 8M->7M(11M) 0.237ms
[211.711s][info][gc] GC(36) Pause Young (Allocation Failure) 9M->6M(11M) 0.474ms
[229.727s][info][gc] GC(37) Pause Young (Allocation Failure) 8M->6M(11M) 0.651ms
[247.740s][info][gc] GC(38) Pause Young (Allocation Failure) 8M->7M(11M) 0.541ms
[256.746s][info][gc] GC(39) Pause Young (Allocation Failure) 9M->7M(11M) 0.429ms
[273.761s][info][gc] GC(40) Pause Young (Allocation Failure) 9M->7M(11M) 0.313ms
[292.674s][info][gc] GC(41) Pause Young (Allocation Failure) 9M->7M(11M) 0.300ms
[309.680s][info][gc] GC(42) Pause Young (Allocation Failure) 9M->7M(11M) 0.309ms
[327.690s][info][gc] GC(43) Pause Young (Allocation Failure) 9M->7M(11M) 0.356ms
[336.818s][info][gc] GC(44) Pause Young (Allocation Failure) 9M->8M(11M) 0.475ms
[354.830s][info][gc] GC(45) Pause Young (Allocation Failure) 10M->8M(11M) 0.590ms
[354.843s][info][gc] GC(46) Pause Full (Ergonomics) 8M->5M(11M) 12.807ms
[367.839s][info][gc] GC(47) Pause Young (Allocation Failure) 7M->5M(11M) 0.456ms
[385.851s][info][gc] GC(48) Pause Young (Allocation Failure) 7M->5M(11M) 0.414ms
[403.865s][info][gc] GC(49) Pause Young (Allocation Failure) 7M->5M(11M) 0.338ms
[421.880s][info][gc] GC(50) Pause Young (Allocation Failure) 7M->5M(11M) 0.325ms

После создания массива 12:33:49, объем кучи увеличился до 6741376 B,
Во время сортировки слиянием(время на графике) был скачек до 8783688 B
Во время сортировки вставками(время на графике) был незначительный скачек до 9387504 B
Во время сортировки пузырьком(время на графике) был незначительный скачек до 9414616 B
По графику cpu видно, что сортировка пузырьком требует больше ресурсов cpu, а сортировка слиянием - объема heap.
сортировка вставками - промежуточно по показателям расхода  CPU/Heap